// Jest Snapshot v1, https://goo.gl/fbAQLP

exports[`Spinner Component matches snapshot 1`] = `
<div
  className="spinner"
>
  <svg
    viewBox="0 0 50 50"
  >
    <circle
      className="path"
      cx="25"
      cy="25"
      fill="none"
      r="20"
      strokeWidth="2"
    />
  </svg>
</div>
`;
