// Jest Snapshot v1, https://goo.gl/fbAQLP

exports[`<NewQuestion /> matches snapshot 1`] = `
<div
  className="newQuestionContainer"
>
  <div
    className="newQuestionForm"
  >
    <div
      className="questionInput"
    >
      <div
        className="inputGroup"
      >
        <input
          className="input"
          onChange={[Function]}
          placeholder="Add question"
          value=""
        />
      </div>
    </div>
    <div
      className="choiceInput"
    >
      <div
        className="inputGroup"
      >
        <input
          className="input"
          id="currentChoice"
          name="currentChoice"
          onChange={[Function]}
          placeholder="Add choice"
          type="text"
          value=""
        />
        <button
          className="addChoiceBtn"
          data-testid="addChoiceBtn"
          onClick={[Function]}
        >
          Add choice 
          <svg
            aria-hidden="true"
            className="svg-inline--fa fa-plus fa-w-14 "
            data-icon="plus"
            data-prefix="fas"
            focusable="false"
            role="img"
            style={Object {}}
            viewBox="0 0 448 512"
            xmlns="http://www.w3.org/2000/svg"
          >
            <path
              d="M416 208H272V64c0-17.67-14.33-32-32-32h-32c-17.67 0-32 14.33-32 32v144H32c-17.67 0-32 14.33-32 32v32c0 17.67 14.33 32 32 32h144v144c0 17.67 14.33 32 32 32h32c17.67 0 32-14.33 32-32V304h144c17.67 0 32-14.33 32-32v-32c0-17.67-14.33-32-32-32z"
              fill="currentColor"
              style={Object {}}
            />
          </svg>
        </button>
      </div>
    </div>
    <button
      className="submitButton"
      disabled={true}
      onClick={[Function]}
    >
      Submit
    </button>
  </div>
</div>
`;
